﻿[36mvite v6.4.1 [32mbuilding for production...[36m[39m
transforming...
[32mΓ£ô[39m 3133 modules transformed.
node.exe : [31mΓ£ù[39m 
Build failed in 5.64s
At line:1 char:1
+ & "C:\Program 
Files\nodejs/node.exe" 
"C:\Program 
Files\nodejs/node_mo ...
+ ~~~~~~~~~~~~~~~~~~~~~~~~~~~
~~~~~~~~~~~~~~~~~~~~~~~~~~~~~
~~~~~~~~~~~~~
    + CategoryInfo           
   : NotSpecified: ([31mΓ£  
  ù[39m Build failed in 5   
 .64s:String) [], RemoteE    
xception
    + FullyQualifiedErrorId  
   : NativeCommandError
 
[31merror during build:
[31msrc/components/Footer.js
x (3:17): "Twitter" is not 
exported by "node_modules/luc
ide-react/dist/esm/lucide-rea
ct.js", imported by "src/comp
onents/Footer.jsx".[31m
file: [36mE:/ZENX/src/compon
ents/Footer.jsx:3:17[31m
[33m
1: import React from 'react';
2: import { motion } from 
'framer-motion';
3: import { Rocket, Twitter, 
Github, Linkedin, Mail, 
MapPin, Phone } from 
'lucide-react';
                    ^
4: 
5: const Footer = () => {
[31m
    at getRollupError (file:/
//E:/ZENX/node_modules/rollup
/dist/es/shared/parseAst.js:4
06:41)
    at error (file:///E:/ZENX
/node_modules/rollup/dist/es/
shared/parseAst.js:402:42)
    at Module.error (file:///
E:/ZENX/node_modules/rollup/d
ist/es/shared/node-entry.js:1
7380:16)
    at Module.traceVariable (
file:///E:/ZENX/node_modules/
rollup/dist/es/shared/node-en
try.js:17813:29)
    at 
ModuleScope.findVariable (fil
e:///E:/ZENX/node_modules/rol
lup/dist/es/shared/node-entry
.js:15403:39)
    at ReturnValueScope.findV
ariable (file:///E:/ZENX/node
_modules/rollup/dist/es/share
d/node-entry.js:5676:38)
    at FunctionBodyScope.find
Variable (file:///E:/ZENX/nod
e_modules/rollup/dist/es/shar
ed/node-entry.js:5676:38)
    at Identifier.bind (file:
///E:/ZENX/node_modules/rollu
p/dist/es/shared/node-entry.j
s:5450:40)
    at ArrayExpression.bind (
file:///E:/ZENX/node_modules/
rollup/dist/es/shared/node-en
try.js:2828:28)
    at MemberExpression.bind 
(file:///E:/ZENX/node_modules
/rollup/dist/es/shared/node-e
ntry.js:2832:23)[39m
